[36mvite v8.0.1 [32mbuilding client environment for production...[36m[39m
[2Ktransforming...✓ 577 modules transformed.
rendering chunks...
computing gzip size...
dist/index.html                                                      1.96 kB │ gzip:  0.60 kB
dist/assets/be-vietnam-pro-vietnamese-400-normal-BuGn0gnm.woff       6.56 kB
dist/assets/be-vietnam-pro-vietnamese-600-normal-DkpCIyan.woff       6.88 kB
dist/assets/be-vietnam-pro-vietnamese-500-normal-CfdwVo8-.woff       6.88 kB
dist/assets/be-vietnam-pro-vietnamese-700-normal-By_5yT39.woff       6.89 kB
dist/assets/be-vietnam-pro-latin-ext-400-normal-DYBYyMQr.woff        8.90 kB
dist/assets/be-vietnam-pro-latin-ext-700-normal-4Hjo2OtD.woff        9.18 kB
dist/assets/be-vietnam-pro-latin-ext-500-normal-CK0UkkKf.woff        9.20 kB
dist/assets/be-vietnam-pro-latin-ext-600-normal-BeUwKxhG.woff        9.22 kB
dist/assets/be-vietnam-pro-vietnamese-400-normal-CRcqvyg1.woff2     11.53 kB
dist/assets/be-vietnam-pro-vietnamese-500-normal-DREgrEoJ.woff2     12.17 kB
dist/assets/be-vietnam-pro-vietnamese-600-normal-nyU-ZL2p.woff2     12.17 kB
dist/assets/be-vietnam-pro-vietnamese-700-normal-Csr0PCuG.woff2     12.46 kB
dist/assets/be-vietnam-pro-latin-ext-400-normal-CiZNW1ec.woff2      13.05 kB
dist/assets/be-vietnam-pro-latin-ext-500-normal-h0Fp6aX0.woff2      13.54 kB
dist/assets/be-vietnam-pro-latin-ext-600-normal-BNd8euf0.woff2      13.60 kB
dist/assets/be-vietnam-pro-latin-ext-700-normal-C8_gqRu2.woff2      13.85 kB
dist/assets/be-vietnam-pro-latin-400-normal-bXgqVju9.woff           16.43 kB
dist/assets/be-vietnam-pro-latin-700-normal-C2EtzaOi.woff           16.90 kB
dist/assets/be-vietnam-pro-latin-500-normal-BJkVuMHw.woff           16.99 kB
dist/assets/be-vietnam-pro-latin-600-normal-5IO4e7bK.woff           17.01 kB
dist/assets/be-vietnam-pro-latin-400-normal-PpnXBOrz.woff2          21.16 kB
dist/assets/be-vietnam-pro-latin-500-normal-B6LVzGNe.woff2          21.89 kB
dist/assets/be-vietnam-pro-latin-600-normal-BZDkUTrt.woff2          22.03 kB
dist/assets/be-vietnam-pro-latin-700-normal-DlW1Zbsh.woff2          22.15 kB
dist/assets/materialdesignicons-webfont-Dp5v-WZN.woff2             403.21 kB
dist/assets/materialdesignicons-webfont-PXm3-2wK.woff              587.98 kB
dist/assets/materialdesignicons-webfont-B7mPwVP_.ttf             1,307.66 kB
dist/assets/materialdesignicons-webfont-CSr8KVlo.eot             1,307.88 kB
dist/assets/VPagination-C9yYbVlV.css                                 0.25 kB │ gzip:  0.16 kB
dist/assets/VRadioGroup-C9f4tbih.css                                 0.25 kB │ gzip:  0.15 kB
dist/assets/ConfirmDialog-X7RfuOZo.css                               0.46 kB │ gzip:  0.25 kB
dist/assets/Login-CxjZgFrv.css                                       0.55 kB │ gzip:  0.26 kB
dist/assets/Results-CWSjczX3.css                                     0.64 kB │ gzip:  0.29 kB
dist/assets/Setup-6anTkZCE.css                                       0.66 kB │ gzip:  0.29 kB
dist/assets/VerdictChip-D15uW_Ic.css                                 0.70 kB │ gzip:  0.28 kB
dist/assets/SyncStatusChip-TGIzhjz4.css                              0.78 kB │ gzip:  0.31 kB
dist/assets/AppDialog-CXiFVEDI.css                                   0.82 kB │ gzip:  0.36 kB
dist/assets/JobEdit-BJHGA0JU.css                                     0.92 kB │ gzip:  0.40 kB
dist/assets/VOverlay-WME7dHtn.css                                    1.01 kB │ gzip:  0.38 kB
dist/assets/VBottomSheet-DEjs_qQQ.css                                1.04 kB │ gzip:  0.43 kB
dist/assets/ConfidenceText-DdBxPcQQ.css                              1.55 kB │ gzip:  0.51 kB
dist/assets/DesignSystem-C64rf2UO.css                                1.61 kB │ gzip:  0.53 kB
dist/assets/Users-DOmwphZv.css                                       1.79 kB │ gzip:  0.53 kB
dist/assets/VSelect-D0gl3Xa6.css                                     1.98 kB │ gzip:  0.73 kB
dist/assets/VSelectionControl-i6FhziSp.css                           2.31 kB │ gzip:  0.63 kB
dist/assets/ActivityLogs-BLOLjy-_.css                                2.59 kB │ gzip:  0.68 kB
dist/assets/CostLogs-COX5vG37.css                                    2.60 kB │ gzip:  0.70 kB
dist/assets/JobCreate-CaeIk0BY.css                                   2.90 kB │ gzip:  0.76 kB
dist/assets/NotificationLogs-BUQgZjUU.css                            3.17 kB │ gzip:  0.78 kB
dist/assets/Settings-BgLmXZDD.css                                    3.34 kB │ gzip:  0.82 kB
dist/assets/FilterBar-cFvvRrKv.css                                   3.36 kB │ gzip:  0.92 kB
dist/assets/JobList-B-QuxCE5.css                                     3.42 kB │ gzip:  0.82 kB
dist/assets/VTable-Dq_7MYoa.css                                      3.82 kB │ gzip:  0.92 kB
dist/assets/VAlert-DCthOZOm.css                                      4.91 kB │ gzip:  1.30 kB
dist/assets/VSwitch-BaoyDGFB.css                                     5.05 kB │ gzip:  1.10 kB
dist/assets/VAvatar-cDdpN1Wr.css                                     5.23 kB │ gzip:  1.46 kB
dist/assets/MCPConnections-D0mIXQjS.css                              5.49 kB │ gzip:  1.44 kB
dist/assets/VSkeletonLoader-CkAIsbz1.css                             5.76 kB │ gzip:  1.13 kB
dist/assets/VExpansionPanels-CUfe7Zz5.css                            6.66 kB │ gzip:  1.33 kB
dist/assets/Results-9nQ5YPbb.css                                     6.75 kB │ gzip:  1.53 kB
dist/assets/VTabs-DjRHpLZ2.css                                       6.98 kB │ gzip:  1.55 kB
dist/assets/StepOutputSchedule-vA3MaGFn.css                          7.06 kB │ gzip:  1.52 kB
dist/assets/Messages-C0NKS00Y.css                                    7.72 kB │ gzip:  1.60 kB
dist/assets/JobDetail-C83WOckX.css                                   9.09 kB │ gzip:  1.94 kB
dist/assets/VRangeSlider-B6XD5noI.css                               10.48 kB │ gzip:  1.69 kB
dist/assets/lazy-VmEIjW6y.css                                       17.53 kB │ gzip:  2.95 kB
dist/assets/VBtn-DZ3FD-qG.css                                       21.62 kB │ gzip:  3.81 kB
dist/assets/index-KN95Sx_I.css                                     597.71 kB │ gzip: 92.19 kB
dist/assets/createSimpleFunctional-C9bJlRvH.js                       0.29 kB │ gzip:  0.23 kB
dist/assets/channelTypes-BftuIOrw.js                                 0.38 kB │ gzip:  0.22 kB
dist/assets/easing-DwVYlv1G.js                                       0.51 kB │ gzip:  0.26 kB
dist/assets/VBottomSheet-Qm6yE3Tq.js                                 0.58 kB │ gzip:  0.35 kB
dist/assets/review-DqMTeZzx.js                                       0.80 kB │ gzip:  0.47 kB
dist/assets/schedule-Dd5uik0M.js                                     0.84 kB │ gzip:  0.47 kB
dist/assets/NotFound-9rXnve2Q.js                                     0.84 kB │ gzip:  0.56 kB
dist/assets/SyncStatusChip-DZ9CKlvx.js                               0.85 kB │ gzip:  0.53 kB
dist/assets/setupStatus-C86cE1FQ.js                                  0.89 kB │ gzip:  0.48 kB
dist/assets/VerdictChip-DyxeHxik.js                                  0.91 kB │ gzip:  0.52 kB
dist/assets/VForm-B8Eb4Msi.js                                        0.96 kB │ gzip:  0.53 kB
dist/assets/VTable-yNqGlcq0.js                                       0.99 kB │ gzip:  0.53 kB
dist/assets/intersect-lwgzOSIp.js                                    1.03 kB │ gzip:  0.56 kB
dist/assets/businessDay-CnDfzoQs.js                                  1.10 kB │ gzip:  0.51 kB
dist/assets/SetupStatusUnavailable-BQKPa2xI.js                       1.19 kB │ gzip:  0.65 kB
dist/assets/Tenants-C3UtJ7CP.js                                      1.22 kB │ gzip:  0.76 kB
dist/assets/ActionMenu-CwhKgi7T.js                                   1.33 kB │ gzip:  0.69 kB
dist/assets/channels-BVWkMaFT.js                                     1.39 kB │ gzip:  0.56 kB
dist/assets/format-DNQ-6mQ3.js                                       1.41 kB │ gzip:  0.71 kB
dist/assets/ConfirmDialog-DmQh9LF2.js                                1.55 kB │ gzip:  0.76 kB
dist/assets/VRadioGroup-BkxjtxZA.js                                  1.63 kB │ gzip:  0.83 kB
dist/assets/auth-DWbz-Po9.js                                         1.76 kB │ gzip:  0.70 kB
dist/assets/ConfidenceText-GyKZbqFS.js                               1.86 kB │ gzip:  0.90 kB
dist/assets/Login-Bl9xQ2x4.js                                        1.92 kB │ gzip:  0.97 kB
dist/assets/jobs-Dv--vbQ-.js                                         2.05 kB │ gzip:  0.78 kB
dist/assets/AppDialog-Dw5ybG46.js                                    2.08 kB │ gzip:  0.97 kB
dist/assets/VSkeletonLoader-1fVkEzxp.js                              2.32 kB │ gzip:  1.07 kB
dist/assets/VSwitch-2fVbM-0u.js                                      2.63 kB │ gzip:  1.26 kB
dist/assets/Setup-BTuwhZOY.js                                        2.97 kB │ gzip:  1.20 kB
dist/assets/VAlert-GREassTL.js                                       3.16 kB │ gzip:  1.45 kB
dist/assets/FilterBar-CSPIhm8d.js                                    3.43 kB │ gzip:  1.43 kB
dist/assets/logic-DLMHAr-4.js                                        3.45 kB │ gzip:  1.43 kB
dist/assets/goto-Di4A9bBq.js                                         4.09 kB │ gzip:  2.00 kB
dist/assets/layout-Cne-mr-r.js                                       4.16 kB │ gzip:  1.82 kB
dist/assets/ActivityLogs-DUT1qxQh.js                                 4.83 kB │ gzip:  1.98 kB
dist/assets/VSelectionControl-CYN9kSu8.js                            4.86 kB │ gzip:  1.85 kB
dist/assets/VExpansionPanels-vsyR9kxA.js                             4.89 kB │ gzip:  1.81 kB
dist/assets/JobEdit-bt8mChvl.js                                      5.53 kB │ gzip:  1.94 kB
dist/assets/VPagination-rHLYT14X.js                                  5.55 kB │ gzip:  2.05 kB
dist/assets/NotificationLogs-cEATqc_q.js                             5.57 kB │ gzip:  2.07 kB
dist/assets/pinia-BpKwCHoA.js                                        6.14 kB │ gzip:  2.88 kB
dist/assets/CostLogs-BUFKSHsW.js                                     6.22 kB │ gzip:  2.35 kB
dist/assets/JobList-CDah5_nG.js                                      6.88 kB │ gzip:  2.55 kB
dist/assets/JobCreate-CSAmp93U.js                                    7.74 kB │ gzip:  2.77 kB
dist/assets/StorageSettings-C9_X_wnb.js                              7.83 kB │ gzip:  2.98 kB
dist/assets/VAvatar-BPvE1GMZ.js                                      8.28 kB │ gzip:  3.26 kB
dist/assets/forwardRefs-CAfGUmkn.js                                  9.10 kB │ gzip:  3.09 kB
dist/assets/DesignSystem-Bwz2zSnU.js                                10.95 kB │ gzip:  4.17 kB
dist/assets/VTabs-DJikbivW.js                                       12.11 kB │ gzip:  4.59 kB
dist/assets/ChannelDetail-CcFV-QbQ.js                               12.34 kB │ gzip:  3.96 kB
dist/assets/Users-CS57_YvN.js                                       12.88 kB │ gzip:  3.64 kB
dist/assets/VRangeSlider-C_ImWgIv.js                                12.95 kB │ gzip:  4.65 kB
dist/assets/Dashboard-Dr5C5DXB.js                                   15.58 kB │ gzip:  5.06 kB
dist/assets/Channels-DTsw1Fzk.js                                    15.68 kB │ gzip:  4.55 kB
dist/assets/MCPConnections-ZzjSAN8V.js                              18.31 kB │ gzip:  6.61 kB
dist/assets/VSelect-UUUFbh4h.js                                     19.07 kB │ gzip:  7.39 kB
dist/assets/Settings-DBefc7EK.js                                    19.79 kB │ gzip:  6.04 kB
dist/assets/Results-BiPouZiv.js                                     21.17 kB │ gzip:  5.38 kB
dist/assets/VOverlay-CP75jxVu.js                                    23.23 kB │ gzip:  8.22 kB
dist/assets/vue-router-zdI79IOg.js                                  24.75 kB │ gzip:  9.55 kB
dist/assets/Messages-CoXKkMoa.js                                    25.28 kB │ gzip:  7.71 kB
dist/assets/StepOutputSchedule-eRN0YTXz.js                          25.37 kB │ gzip:  7.82 kB
dist/assets/lazy-nABdMG50.js                                        27.69 kB │ gzip:  8.87 kB
dist/assets/Results-Crct32NZ.js                                     34.28 kB │ gzip:  9.25 kB
dist/assets/api-BnUja3Co.js                                         37.03 kB │ gzip: 14.61 kB
dist/assets/JobDetail-CIqO-4YB.js                                   48.29 kB │ gzip: 15.70 kB
dist/assets/VBtn-C4zIn5e5.js                                       135.49 kB │ gzip: 50.68 kB
dist/assets/dist-DUpqUTCz.js                                       171.98 kB │ gzip: 59.97 kB
dist/assets/index-NlGMTP64.js                                      248.01 kB │ gzip: 79.61 kB

[32m✓ built in 6.01s[39m
